app/api/client/[workspaceId]/responses/lib/response-error.test.ts(7,45): error TS2749: 'Prisma.PrismaClientKnownRequestError' refers to a value, but is being used as a type here. Did you mean 'typeof Prisma.PrismaClientKnownRequestError'?
app/api/v3/surveys/patch.test.ts(229,55): error TS2352: Conversion of type '(callback: (tx: typeof prisma) => Promise<unknown>) => Promise<unknown>' to type '{ <P extends Prisma.PrismaPromise<any>[]>(arg: [...P], options?: { maxWait?: number | undefined; timeout?: number | undefined; isolationLevel?: TransactionIsolationLevel | undefined; } | undefined): Promise<...>; <R>(fn: (prisma: Omit<...>) => Promise<...>, options?: { ...; } | undefined): Promise<...>; }' may be a mistake because neither type sufficiently overlaps with the other. If this was intentional, convert the expression to 'unknown' first.
  Types of parameters 'callback' and 'arg' are incompatible.
    Type 'any[]' is not comparable to type '(tx: PrismaClient) => Promise<unknown>'.
      Type 'any[]' provides no match for the signature '(tx: PrismaClient): Promise<unknown>'.
lib/ai/service.test.ts(5,3): error TS6133: 'TooManyRequestsError' is declared but its value is never read.
lib/feedback-source/csv-file-import.test.ts(26,5): error TS2322: Type 'string' is not assignable to type 'TCsvImportErrorCode | undefined'.
lib/feedback-source/service.test.ts(89,55): error TS2749: 'Prisma.PrismaClientKnownRequestError' refers to a value, but is being used as a type here. Did you mean 'typeof Prisma.PrismaClientKnownRequestError'?
lib/response/tests/__mocks__/data.mock.ts(63,14): error TS2322: Type '{ id: string; surveyId: string; singleUseId: string; data: {}; contactAttributes: {}; createdAt: Date; finished: boolean; meta: { source: string; url: string; userAgent: { browser: string; os: string; device: string; }; }; ... 8 more ...; displayId: null; }' is not assignable to type '{ id: string; createdAt: Date; updatedAt: Date; surveyId: string; data: PrismaJson.ResponseData; meta: PrismaJson.ResponseMeta; language: string | null; variables: PrismaJson.ResponseVariables; contact: { id: string; attributes: { value: string; attributeKey: { ...; }; }[]; } | null; ... 7 more ...; analysis: { ...;...'.
  Property 'analysis' is missing in type '{ id: string; surveyId: string; singleUseId: string; data: {}; contactAttributes: {}; createdAt: Date; finished: boolean; meta: { source: string; url: string; userAgent: { browser: string; os: string; device: string; }; }; ... 8 more ...; displayId: null; }' but required in type '{ id: string; createdAt: Date; updatedAt: Date; surveyId: string; data: PrismaJson.ResponseData; meta: PrismaJson.ResponseMeta; language: string | null; variables: PrismaJson.ResponseVariables; contact: { id: string; attributes: { value: string; attributeKey: { ...; }; }[]; } | null; ... 7 more ...; analysis: { ...;...'.
lib/response/tests/__mocks__/data.mock.ts(125,3): error TS2322: Type '{ id: string; createdAt: Date; updatedAt: Date; surveyId: string; finished: false; data: { hagrboqlnynmxh3obl1wvmtl: string; uvy0fa96e1xpd10nrj1je662: string[]; }; meta: { source: string; url: string; userAgent: { ...; }; }; ... 9 more ...; displayId: null; }' is not assignable to type '{ id: string; createdAt: Date; updatedAt: Date; surveyId: string; data: PrismaJson.ResponseData; meta: PrismaJson.ResponseMeta; language: string | null; variables: PrismaJson.ResponseVariables; contact: { id: string; attributes: { value: string; attributeKey: { ...; }; }[]; } | null; ... 7 more ...; analysis: { ...;...'.
  Property 'analysis' is missing in type '{ id: string; createdAt: Date; updatedAt: Date; surveyId: string; finished: false; data: { hagrboqlnynmxh3obl1wvmtl: string; uvy0fa96e1xpd10nrj1je662: string[]; }; meta: { source: string; url: string; userAgent: { ...; }; }; ... 9 more ...; displayId: null; }' but required in type '{ id: string; createdAt: Date; updatedAt: Date; surveyId: string; data: PrismaJson.ResponseData; meta: PrismaJson.ResponseMeta; language: string | null; variables: PrismaJson.ResponseVariables; contact: { id: string; attributes: { value: string; attributeKey: { ...; }; }[]; } | null; ... 7 more ...; analysis: { ...;...'.
lib/response/tests/__mocks__/data.mock.ts(154,3): error TS2322: Type '{ id: string; createdAt: Date; updatedAt: Date; surveyId: string; finished: false; data: { hagrboqlnynmxh3obl1wvmtl: string; uvy0fa96e1xpd10nrj1je662: string[]; }; meta: { source: string; url: string; userAgent: { ...; }; }; ... 9 more ...; displayId: null; }' is not assignable to type '{ id: string; createdAt: Date; updatedAt: Date; surveyId: string; data: PrismaJson.ResponseData; meta: PrismaJson.ResponseMeta; language: string | null; variables: PrismaJson.ResponseVariables; contact: { id: string; attributes: { value: string; attributeKey: { ...; }; }[]; } | null; ... 7 more ...; analysis: { ...;...'.
  Property 'analysis' is missing in type '{ id: string; createdAt: Date; updatedAt: Date; surveyId: string; finished: false; data: { hagrboqlnynmxh3obl1wvmtl: string; uvy0fa96e1xpd10nrj1je662: string[]; }; meta: { source: string; url: string; userAgent: { ...; }; }; ... 9 more ...; displayId: null; }' but required in type '{ id: string; createdAt: Date; updatedAt: Date; surveyId: string; data: PrismaJson.ResponseData; meta: PrismaJson.ResponseMeta; language: string | null; variables: PrismaJson.ResponseVariables; contact: { id: string; attributes: { value: string; attributeKey: { ...; }; }[]; } | null; ... 7 more ...; analysis: { ...;...'.
lib/response/tests/__mocks__/data.mock.ts(180,3): error TS2322: Type '{ id: string; createdAt: Date; updatedAt: Date; surveyId: string; finished: false; data: { hagrboqlnynmxh3obl1wvmtl: string; }; meta: { source: string; url: string; userAgent: { browser: string; os: string; device: string; }; }; ... 9 more ...; displayId: null; }' is not assignable to type '{ id: string; createdAt: Date; updatedAt: Date; surveyId: string; data: PrismaJson.ResponseData; meta: PrismaJson.ResponseMeta; language: string | null; variables: PrismaJson.ResponseVariables; contact: { id: string; attributes: { value: string; attributeKey: { ...; }; }[]; } | null; ... 7 more ...; analysis: { ...;...'.
  Property 'analysis' is missing in type '{ id: string; createdAt: Date; updatedAt: Date; surveyId: string; finished: false; data: { hagrboqlnynmxh3obl1wvmtl: string; }; meta: { source: string; url: string; userAgent: { browser: string; os: string; device: string; }; }; ... 9 more ...; displayId: null; }' but required in type '{ id: string; createdAt: Date; updatedAt: Date; surveyId: string; data: PrismaJson.ResponseData; meta: PrismaJson.ResponseMeta; language: string | null; variables: PrismaJson.ResponseVariables; contact: { id: string; attributes: { value: string; attributeKey: { ...; }; }[]; } | null; ... 7 more ...; analysis: { ...;...'.
lib/response/tests/__mocks__/data.mock.ts(205,3): error TS2322: Type '{ id: string; createdAt: Date; updatedAt: Date; surveyId: string; finished: false; data: { hagrboqlnynmxh3obl1wvmtl: string; }; meta: { source: string; url: string; userAgent: { browser: string; os: string; device: string; }; }; ... 9 more ...; displayId: null; }' is not assignable to type '{ id: string; createdAt: Date; updatedAt: Date; surveyId: string; data: PrismaJson.ResponseData; meta: PrismaJson.ResponseMeta; language: string | null; variables: PrismaJson.ResponseVariables; contact: { id: string; attributes: { value: string; attributeKey: { ...; }; }[]; } | null; ... 7 more ...; analysis: { ...;...'.
  Property 'analysis' is missing in type '{ id: string; createdAt: Date; updatedAt: Date; surveyId: string; finished: false; data: { hagrboqlnynmxh3obl1wvmtl: string; }; meta: { source: string; url: string; userAgent: { browser: string; os: string; device: string; }; }; ... 9 more ...; displayId: null; }' but required in type '{ id: string; createdAt: Date; updatedAt: Date; surveyId: string; data: PrismaJson.ResponseData; meta: PrismaJson.ResponseMeta; language: string | null; variables: PrismaJson.ResponseVariables; contact: { id: string; attributes: { value: string; attributeKey: { ...; }; }[]; } | null; ... 7 more ...; analysis: { ...;...'.
lib/response/tests/__mocks__/data.mock.ts(230,3): error TS2322: Type '{ id: string; createdAt: Date; updatedAt: Date; surveyId: string; finished: true; data: { hagrboqlnynmxh3obl1wvmtl: string; }; meta: { source: string; url: string; userAgent: { browser: string; os: string; device: string; }; }; ... 9 more ...; displayId: null; }' is not assignable to type '{ id: string; createdAt: Date; updatedAt: Date; surveyId: string; data: PrismaJson.ResponseData; meta: PrismaJson.ResponseMeta; language: string | null; variables: PrismaJson.ResponseVariables; contact: { id: string; attributes: { value: string; attributeKey: { ...; }; }[]; } | null; ... 7 more ...; analysis: { ...;...'.
  Property 'analysis' is missing in type '{ id: string; createdAt: Date; updatedAt: Date; surveyId: string; finished: true; data: { hagrboqlnynmxh3obl1wvmtl: string; }; meta: { source: string; url: string; userAgent: { browser: string; os: string; device: string; }; }; ... 9 more ...; displayId: null; }' but required in type '{ id: string; createdAt: Date; updatedAt: Date; surveyId: string; data: PrismaJson.ResponseData; meta: PrismaJson.ResponseMeta; language: string | null; variables: PrismaJson.ResponseVariables; contact: { id: string; attributes: { value: string; attributeKey: { ...; }; }[]; } | null; ... 7 more ...; analysis: { ...;...'.
lib/response/tests/__mocks__/data.mock.ts(356,5): error TS2322: Type '{ contact: { id: string; userId: string; } | null; tags: { id: string; createdAt: Date; updatedAt: Date; name: string; workspaceId: string; }[]; id: string; createdAt: Date; updatedAt: Date; ... 12 more ...; contactId: string | null; }[]' is not assignable to type '({ id: string; createdAt: Date; updatedAt: Date; surveyId: string; contact: { id: string; userId?: string | undefined; } | null; contactAttributes: Record<string, string> | null; ... 10 more ...; analysis?: { ...; } | ... 1 more ... | undefined; } | ({ ...; } & { ...; }))[]'.
  Type '{ contact: { id: string; userId: string; } | null; tags: { id: string; createdAt: Date; updatedAt: Date; name: string; workspaceId: string; }[]; id: string; createdAt: Date; updatedAt: Date; ... 12 more ...; contactId: string | null; }' is not assignable to type '{ id: string; createdAt: Date; updatedAt: Date; surveyId: string; contact: { id: string; userId?: string | undefined; } | null; contactAttributes: Record<string, string> | null; ... 10 more ...; analysis?: { ...; } | ... 1 more ... | undefined; } | ({ ...; } & { ...; })'.
    Type '{ contact: { id: string; userId: string; } | null; tags: { id: string; createdAt: Date; updatedAt: Date; name: string; workspaceId: string; }[]; id: string; createdAt: Date; updatedAt: Date; ... 12 more ...; contactId: string | null; }' is not assignable to type '{ id: string; createdAt: Date; updatedAt: Date; surveyId: string; data: PrismaJson.ResponseData; meta: PrismaJson.ResponseMeta; language: string | null; variables: PrismaJson.ResponseVariables; contact: { id: string; attributes: { value: string; attributeKey: { ...; }; }[]; } | null; ... 7 more ...; analysis: { ...;...'.
      Type '{ contact: { id: string; userId: string; } | null; tags: { id: string; createdAt: Date; updatedAt: Date; name: string; workspaceId: string; }[]; id: string; createdAt: Date; updatedAt: Date; ... 12 more ...; contactId: string | null; }' is not assignable to type '{ id: string; createdAt: Date; updatedAt: Date; surveyId: string; data: PrismaJson.ResponseData; meta: PrismaJson.ResponseMeta; language: string | null; variables: PrismaJson.ResponseVariables; contact: { id: string; attributes: { value: string; attributeKey: { ...; }; }[]; } | null; ... 7 more ...; analysis: { ...;...'.
        Types of property 'contact' are incompatible.
          Type '{ id: string; userId: string; } | null' is not assignable to type '{ id: string; attributes: { value: string; attributeKey: { key: string; type: ContactAttributeType; name: string | null; id: string; createdAt: Date; updatedAt: Date; description: string | null; workspaceId: string; isUnique: boolean; dataType: ContactAttributeDataType; }; }[]; } | null'.
            Property 'attributes' is missing in type '{ id: string; userId: string; }' but required in type '{ id: string; attributes: { value: string; attributeKey: { key: string; type: ContactAttributeType; name: string | null; id: string; createdAt: Date; updatedAt: Date; description: string | null; workspaceId: string; isUnique: boolean; dataType: ContactAttributeDataType; }; }[]; }'.
lib/response/tests/response.test.ts(40,7): error TS2322: Type '{ contact: null; tags: { id: string; createdAt: Date; updatedAt: Date; name: string; workspaceId: string; }[]; id: string; createdAt: Date; updatedAt: Date; surveyId: string; data: PrismaJson.ResponseData; ... 10 more ...; contactId: string | null; }' is not assignable to type '{ id: string; createdAt: Date; updatedAt: Date; surveyId: string; contact: { id: string; userId?: string | undefined; } | null; contactAttributes: Record<string, string> | null; ... 10 more ...; analysis?: { ...; } | ... 1 more ... | undefined; }'.
  Types of property 'analysis' are incompatible.
    Type '{ summary: string; sentiment: string; severity: string; confidence: number; categories: string[]; topics: string[]; keywords: string[]; emotion: string; customerEffort: string; sentimentScore: number; requiresFollowup: boolean; recommendedDepartment: string; recommendedPriority: string; } | null' is not assignable to type '{ sentiment: "positive" | "neutral" | "negative"; sentimentScore: number; severity: "low" | "medium" | "high"; confidence: number; categories: string[]; topics: string[]; keywords: string[]; ... 5 more ...; summary: string; } | null | undefined'.
      Type '{ summary: string; sentiment: string; severity: string; confidence: number; categories: string[]; topics: string[]; keywords: string[]; emotion: string; customerEffort: string; sentimentScore: number; requiresFollowup: boolean; recommendedDepartment: string; recommendedPriority: string; }' is not assignable to type '{ sentiment: "positive" | "neutral" | "negative"; sentimentScore: number; severity: "low" | "medium" | "high"; confidence: number; categories: string[]; topics: string[]; keywords: string[]; ... 5 more ...; summary: string; }'.
        Types of property 'sentiment' are incompatible.
          Type 'string' is not assignable to type '"positive" | "neutral" | "negative"'.
lib/survey/service.scheduling.test.ts(64,55): error TS2352: Conversion of type '(callback: (tx: typeof prisma) => Promise<unknown>) => Promise<unknown>' to type '{ <P extends Prisma.PrismaPromise<any>[]>(arg: [...P], options?: { maxWait?: number | undefined; timeout?: number | undefined; isolationLevel?: TransactionIsolationLevel | undefined; } | undefined): Promise<...>; <R>(fn: (prisma: Omit<...>) => Promise<...>, options?: { ...; } | undefined): Promise<...>; } & CalledWi...' may be a mistake because neither type sufficiently overlaps with the other. If this was intentional, convert the expression to 'unknown' first.
  Type '(callback: (tx: typeof prisma) => Promise<unknown>) => Promise<unknown>' is not comparable to type '{ <P extends Prisma.PrismaPromise<any>[]>(arg: [...P], options?: { maxWait?: number | undefined; timeout?: number | undefined; isolationLevel?: TransactionIsolationLevel | undefined; } | undefined): Promise<...>; <R>(fn: (prisma: Omit<...>) => Promise<...>, options?: { ...; } | undefined): Promise<...>; }'.
    Types of parameters 'callback' and 'arg' are incompatible.
      Type 'any[]' is not comparable to type '(tx: DeepMockProxy<PrismaClient>) => Promise<unknown>'.
        Type 'any[]' provides no match for the signature '(tx: DeepMockProxy<PrismaClient>): Promise<unknown>'.
lib/survey/service.test.ts(63,53): error TS2352: Conversion of type '(callback: (tx: typeof prisma) => Promise<unknown>) => Promise<unknown>' to type '{ <P extends Prisma.PrismaPromise<any>[]>(arg: [...P], options?: { maxWait?: number | undefined; timeout?: number | undefined; isolationLevel?: TransactionIsolationLevel | undefined; } | undefined): Promise<...>; <R>(fn: (prisma: Omit<...>) => Promise<...>, options?: { ...; } | undefined): Promise<...>; } & CalledWi...' may be a mistake because neither type sufficiently overlaps with the other. If this was intentional, convert the expression to 'unknown' first.
  Type '(callback: (tx: typeof prisma) => Promise<unknown>) => Promise<unknown>' is not comparable to type '{ <P extends Prisma.PrismaPromise<any>[]>(arg: [...P], options?: { maxWait?: number | undefined; timeout?: number | undefined; isolationLevel?: TransactionIsolationLevel | undefined; } | undefined): Promise<...>; <R>(fn: (prisma: Omit<...>) => Promise<...>, options?: { ...; } | undefined): Promise<...>; }'.
    Types of parameters 'callback' and 'arg' are incompatible.
      Type 'any[]' is not comparable to type '(tx: DeepMockProxy<PrismaClient>) => Promise<unknown>'.
        Type 'any[]' provides no match for the signature '(tx: DeepMockProxy<PrismaClient>): Promise<unknown>'.
lib/utils/prisma-constraint.test.ts(5,68): error TS2749: 'Prisma.PrismaClientKnownRequestError' refers to a value, but is being used as a type here. Did you mean 'typeof Prisma.PrismaClientKnownRequestError'?
lib/utils/prisma-constraint.test.ts(10,42): error TS2749: 'Prisma.PrismaClientKnownRequestError' refers to a value, but is being used as a type here. Did you mean 'typeof Prisma.PrismaClientKnownRequestError'?
lib/utils/prisma-constraint.test.ts(25,41): error TS2749: 'Prisma.PrismaClientKnownRequestError' refers to a value, but is being used as a type here. Did you mean 'typeof Prisma.PrismaClientKnownRequestError'?
modules/ee/analysis/lib/schema-definition.test.ts(139,61): error TS2339: Property 'group' does not exist on type 'FieldDefinition | MeasureDefinition'.
  Property 'group' does not exist on type 'FieldDefinition'.
modules/ee/analysis/lib/schema-definition.test.ts(140,58): error TS2339: Property 'group' does not exist on type 'FieldDefinition | MeasureDefinition'.
  Property 'group' does not exist on type 'FieldDefinition'.
modules/ee/analysis/lib/schema-definition.test.ts(141,56): error TS2339: Property 'group' does not exist on type 'FieldDefinition | MeasureDefinition'.
  Property 'group' does not exist on type 'FieldDefinition'.
modules/ee/feedback-directory/lib/feedback-directory.test.ts(71,55): error TS2749: 'Prisma.PrismaClientKnownRequestError' refers to a value, but is being used as a type here. Did you mean 'typeof Prisma.PrismaClientKnownRequestError'?
modules/ee/unify-feedback/topics-subtopics/lib/api-client.test.ts(196,26): error TS2345: Argument of type '{ workspaceId: string; directoryId: string; sourceType: string; sourceId: string; fieldId: string; }' is not assignable to parameter of type '{ workspaceId: string; directoryId: string; scopeType: TaxonomyScopeType; sourceType?: string | undefined; sourceId?: string | undefined; fieldId?: string | undefined; fieldLabel?: string | undefined; }'.
  Property 'scopeType' is missing in type '{ workspaceId: string; directoryId: string; sourceType: string; sourceId: string; fieldId: string; }' but required in type '{ workspaceId: string; directoryId: string; scopeType: TaxonomyScopeType; sourceType?: string | undefined; sourceId?: string | undefined; fieldId?: string | undefined; fieldLabel?: string | undefined; }'.
modules/hub/service.test.ts(1,10): error TS6133: 'beforeEach' is declared but its value is never read.
modules/organization/settings/teams/lib/invite-failure.test.ts(60,34): error TS2345: Argument of type 'Mock<(key: string, params?: { email?: string | undefined; } | undefined) => string>' is not assignable to parameter of type 'TFunction<"translation", undefined>'.
  Property '$TFunctionBrand' is missing in type 'MockInstance<(key: string, params?: { email?: string | undefined; } | undefined) => string> & { (key: string, params?: { email?: string | undefined; } | undefined): string; new (key: string, params?: { ...; } | undefined): string; } & {}' but required in type 'TFunction<"translation", undefined>'.
modules/organization/settings/teams/lib/invite-failure.test.ts(66,34): error TS2345: Argument of type 'Mock<(key: string, params?: { email?: string | undefined; } | undefined) => string>' is not assignable to parameter of type 'TFunction<"translation", undefined>'.
  Property '$TFunctionBrand' is missing in type 'MockInstance<(key: string, params?: { email?: string | undefined; } | undefined) => string> & { (key: string, params?: { email?: string | undefined; } | undefined): string; new (key: string, params?: { ...; } | undefined): string; } & {}' but required in type 'TFunction<"translation", undefined>'.
modules/organization/settings/teams/lib/invite-failure.test.ts(71,39): error TS2345: Argument of type 'Mock<(key: string, params?: { email?: string | undefined; } | undefined) => string>' is not assignable to parameter of type 'TFunction<"translation", undefined>'.
  Property '$TFunctionBrand' is missing in type 'MockInstance<(key: string, params?: { email?: string | undefined; } | undefined) => string> & { (key: string, params?: { email?: string | undefined; } | undefined): string; new (key: string, params?: { ...; } | undefined): string; } & {}' but required in type 'TFunction<"translation", undefined>'.
modules/organization/settings/teams/lib/invite-failure.test.ts(86,49): error TS2345: Argument of type 'Mock<(key: string, params?: { email?: string | undefined; count?: number | undefined; } | undefined) => string>' is not assignable to parameter of type 'TFunction<"translation", undefined>'.
  Property '$TFunctionBrand' is missing in type 'MockInstance<(key: string, params?: { email?: string | undefined; count?: number | undefined; } | undefined) => string> & { (key: string, params?: { email?: string | undefined; count?: number | undefined; } | undefined): string; new (key: string, params?: { ...; } | undefined): string; } & {}' but required in type 'TFunction<"translation", undefined>'.
modules/organization/settings/teams/lib/invite-failure.test.ts(101,49): error TS2345: Argument of type 'Mock<(key: string, params?: { email?: string | undefined; count?: number | undefined; } | undefined) => string>' is not assignable to parameter of type 'TFunction<"translation", undefined>'.
  Property '$TFunctionBrand' is missing in type 'MockInstance<(key: string, params?: { email?: string | undefined; count?: number | undefined; } | undefined) => string> & { (key: string, params?: { email?: string | undefined; count?: number | undefined; } | undefined): string; new (key: string, params?: { ...; } | undefined): string; } & {}' but required in type 'TFunction<"translation", undefined>'.
playwright/survey-accessibility.spec.ts(145,34): error TS6133: 'page' is declared but its value is never read.
playwright/survey-accessibility.spec.ts(483,40): error TS18048: 'seeded' is possibly 'undefined'.
playwright/survey-accessibility.spec.ts(489,59): error TS18048: 'seeded' is possibly 'undefined'.
playwright/survey-accessibility.spec.ts(509,59): error TS18048: 'seeded' is possibly 'undefined'.
playwright/survey-accessibility.spec.ts(541,39): error TS18048: 'seeded' is possibly 'undefined'.
playwright/survey-accessibility.spec.ts(549,39): error TS18048: 'seeded' is possibly 'undefined'.
playwright/survey-accessibility.spec.ts(557,46): error TS18048: 'seeded' is possibly 'undefined'.
playwright/survey-accessibility.spec.ts(565,47): error TS18048: 'seeded' is possibly 'undefined'.
playwright/survey-accessibility.spec.ts(575,39): error TS18048: 'seeded' is possibly 'undefined'.
playwright/survey-accessibility.spec.ts(584,21): error TS18048: 'seeded' is possibly 'undefined'.
playwright/survey-accessibility.spec.ts(589,43): error TS18048: 'seeded' is possibly 'undefined'.
proxy.test.ts(116,21): error TS2339: Property 'cookies' does not exist on type 'Response'.
proxy.test.ts(126,21): error TS2339: Property 'cookies' does not exist on type 'Response'.
proxy.test.ts(137,21): error TS2339: Property 'cookies' does not exist on type 'Response'.
proxy.test.ts(148,21): error TS2339: Property 'cookies' does not exist on type 'Response'.
undefined
[ERR_PNPM_RECURSIVE_EXEC_FIRST_FAIL] Command failed with exit code 2: tsc --noEmit -p tsconfig.json
